../source/at_manager.c:37:13:leds_off	8	static
../source/at_manager.c:42:13:led_status	16	static
../source/at_manager.c:59:13:uart1_send_byte	16	static
../source/at_manager.c:66:13:uart1_send_string	16	static
../source/at_manager.c:75:13:parse_response	16	static
../source/at_manager.c:95:6:at_manager_init	8	static
../source/at_manager.c:111:6:at_send_command	16	static
../source/at_manager.c:133:6:at_manager_tick	16	static
../source/at_manager.c:188:20:at_get_result	8	static
../source/at_manager.c:193:6:at_clear	8	static
