../source/at_manager.c:45:13:leds_off	8	static
../source/at_manager.c:50:13:led_status	16	static
../source/at_manager.c:67:13:uart0_send_byte	16	static
../source/at_manager.c:73:13:uart0_send_string	16	static
../source/at_manager.c:82:13:parse_response	16	static
../source/at_manager.c:107:6:at_manager_init	8	static
../source/at_manager.c:124:6:at_send_command	16	static
../source/at_manager.c:146:6:at_manager_tick	16	static
../source/at_manager.c:206:20:at_get_result	8	static
../source/at_manager.c:211:6:at_clear	8	static
