../source/at_manager.c:35:13:leds_off	8	static
../source/at_manager.c:40:13:led_status	16	static
../source/at_manager.c:53:13:uart1_send_byte	16	static
../source/at_manager.c:59:13:uart1_send_string	16	static
../source/at_manager.c:64:13:parse_response	16	static
../source/at_manager.c:81:6:at_manager_init	8	static
../source/at_manager.c:94:6:at_send_command	16	static
../source/at_manager.c:112:6:at_manager_tick	16	static
../source/at_manager.c:164:20:at_get_result	8	static
../source/at_manager.c:169:6:at_clear	8	static
