/home/sesgaro/Ardo_aspiradora/kl25z_codes/Aspiradora/CMSIS/core_cm0plus.h:745:22:NVIC_EnableIRQ	16	static
/home/sesgaro/Ardo_aspiradora/kl25z_codes/Aspiradora/CMSIS/core_cm0plus.h:804:22:NVIC_SetPriority	24	static
../source/BSPInit.c:16:6:bsp_init	8	static
../source/BSPInit.c:29:13:config_sys_clock	8	static
../source/BSPInit.c:34:13:gpio_init	8	static
../source/BSPInit.c:45:13:systick_config	8	static
../source/BSPInit.c:53:6:uart0_debug_init	8	static
../source/BSPInit.c:73:6:uart1_esp32_init	8	static
../source/BSPInit.c:93:6:uart0_send_byte	16	static
../source/BSPInit.c:98:6:uart0_send_string	16	static
